// Jest Snapshot v1, https://goo.gl/fbAQLP

exports[`the App component should match the snapshot 1`] = `
<Provider
  store={
    Object {
      "dispatch": [Function],
      "getState": [Function],
      "replaceReducer": [Function],
      "subscribe": [Function],
    }
  }
>
  <Connect(Router)
    duration={150}
    scenes={
      Object {
        "decisionDetail": Object {
          "component": [Function],
          "hideNavBar": false,
          "index": 0,
          "key": "decisionDetail",
          "name": "decisionDetail",
          "parent": "root",
          "sceneKey": "decisionDetail",
          "title": "Decision Detail",
          "type": "REACT_NATIVE_ROUTER_FLUX_PUSH",
        },
        "home": Object {
          "component": [Function],
          "hideNavBar": true,
          "index": 0,
          "key": "home",
          "name": "home",
          "parent": "root",
          "sceneKey": "home",
          "type": "REACT_NATIVE_ROUTER_FLUX_PUSH",
        },
        "root": Object {
          "children": Array [
            "home",
            "decisionDetail",
          ],
          "key": "root",
          "leftButtonIconStyle": Object {
            "tintColor": "#25c7ee",
          },
          "name": "root",
          "navigationBarStyle": Object {
            "backgroundColor": "#201b21",
          },
          "parent": undefined,
          "rightButtonIconStyle": Object {
            "tintColor": "#25c7ee",
          },
          "sceneKey": "root",
          "titleStyle": Object {
            "color": "#25c7ee",
            "fontSize": 20,
            "fontWeight": "bold",
          },
          "type": "REACT_NATIVE_ROUTER_FLUX_PUSH",
        },
      }
    }
  />
</Provider>
`;
